python : Traceback (most recent call last):
At line:1 char:1
+ python test_fnb_new_20260119115115880.py 2>&1 > test_output.txt ; typ ...
+ ~~~~~~~~~~~~~~~~~~~~~~~~~~~~~~~~~~~~~~~~~~~~~~~~~~~~~~~~~~~~~~~
    + CategoryInfo          : NotSpecified: (Traceback (most recent call last)::String) [], RemoteException
    + FullyQualifiedErrorId : NativeCommandError
 
  File "C:\Users\christopherm\statementbur_python\test_fnb_new_20260119115115880.py", line 26, in <module>
[OCR] pytesseract, pdf2image, and PIL imported successfully
[OCR] OpenCV available for adaptive thresholding
================================================================================
Testing FNB PDF: 20260119115115880.pdf
================================================================================
    print(f"\u2713 File loaded ({len(pdf_content)} bytes)")
  File "C:\Users\christopherm\AppData\Local\Programs\Python\Python39\lib\encodings\cp1252.py", line 19, in encode
    return codecs.charmap_encode(input,self.errors,encoding_table)[0]
UnicodeEncodeError: 'charmap' codec can't encode character '\u2713' in position 0: character maps to <undefined>

During handling of the above exception, another exception occurred:

Traceback (most recent call last):
  File "C:\Users\christopherm\statementbur_python\test_fnb_new_20260119115115880.py", line 124, in <module>
    print(f"\n\u274c ERROR: {e}")
  File "C:\Users\christopherm\AppData\Local\Programs\Python\Python39\lib\encodings\cp1252.py", line 19, in encode
    return codecs.charmap_encode(input,self.errors,encoding_table)[0]
UnicodeEncodeError: 'charmap' codec can't encode character '\u274c' in position 2: character maps to <undefined>
